Microchip MPLAB XC8 Compiler V1.42 ()

Linker command line:

-W-3 --edf=C:\Program Files (x86)\Microchip\xc8\v1.42\dat\en_msgs.txt -cs \
  -h+dist/default/production\Servo_and_Encoder.X.production.sym \
  --cmf=dist/default/production\Servo_and_Encoder.X.production.cmf -z \
  -Q16F1827 -oC:\Users\—D‰î\AppData\Local\Temp\scts.2 \
  -Mdist/default/production/Servo_and_Encoder.X.production.map -E1 -ver=XC8 \
  -ASTACK=0202Eh-0216fh -pstack=STACK -ACODE=00h-07FFhx2 \
  -ASTRCODE=00h-0FFFh -ASTRING=00h-0FFhx16 -ACONST=00h-0FFhx16 \
  -AENTRY=00h-0FFhx16 -ACOMMON=070h-07Fh -ABANK0=020h-06Fh \
  -ABANK1=0A0h-0EFh -ABANK2=0120h-016Fh -ABANK3=01A0h-01EFh \
  -ABANK4=0220h-024Fh -ABIGRAM=02000h-0216Fh \
  -ARAM=020h-06Fh,0A0h-0EFh,0120h-016Fh,01A0h-01EFh,0220h-024Fh \
  -AABS1=020h-07Fh,0A0h-0EFh,0120h-016Fh,01A0h-01EFh,0220h-024Fh \
  -ASFR0=00h-01Fh -ASFR1=080h-09Fh -ASFR2=0100h-011Fh -ASFR3=0180h-019Fh \
  -ASFR4=0200h-021Fh -ASFR5=0280h-02EFh -ASFR6=0300h-036Fh \
  -ASFR7=0380h-03EFh -ASFR8=0400h-046Fh -ASFR9=0480h-04EFh \
  -ASFR10=0500h-056Fh -ASFR11=0580h-05EFh -ASFR12=0600h-066Fh \
  -ASFR13=0680h-06EFh -ASFR14=0700h-076Fh -ASFR15=0780h-07EFh \
  -ASFR16=0800h-086Fh -ASFR17=0880h-08EFh -ASFR18=0900h-096Fh \
  -ASFR19=0980h-09EFh -ASFR20=0A00h-0A6Fh -ASFR21=0A80h-0AEFh \
  -ASFR22=0B00h-0B6Fh -ASFR23=0B80h-0BEFh -ASFR24=0C00h-0C6Fh \
  -ASFR25=0C80h-0CEFh -ASFR26=0D00h-0D6Fh -ASFR27=0D80h-0DEFh \
  -ASFR28=0E00h-0E6Fh -ASFR29=0E80h-0EEFh -ASFR30=0F00h-0F6Fh \
  -ASFR31=0F80h-0FEFh -preset_vec=00h,intentry=04h,init,end_init \
  -ppowerup=CODE -pcinit=CODE -pfunctab=CODE -ACONFIG=08007h-08008h \
  -pconfig=CONFIG -DCONFIG=2 -AIDLOC=08000h-08003h -pidloc=IDLOC -DIDLOC=2 \
  -AEEDATA=00h-0FFh/0F000h -peeprom_data=EEDATA -DEEDATA=2 -DCODE=2 \
  -DSTRCODE=2 -DSTRING=2 -DCONST=2 -DENTRY=2 -k \
  C:\Users\—D‰î\AppData\Local\Temp\scts.obj \
  dist/default/production\Servo_and_Encoder.X.production.obj 

Object code version is 3.11

Machine type is 16F1827



                Name                               Link     Load   Length Selector   Space Scale
C:\Users\—D‰î\AppData\Local\Temp\scts.obj
                end_init                             47       47        2        8       0
                reset_vec                             0        0        2        0       0
                config                             8007     8007        2    1000E       0
dist/default/production\Servo_and_Encoder.X.production.obj
                cinit                                49       49       1F        8       0
                intentry                              4        4       43        8       0
                text7                               367      367       64        8       0
                text6                               237      237       A9        8       0
                text5                               183      183       B4        8       0
                text4                               2E0      2E0       87        8       0
                text3                               3CB      3CB       37        8       0
                text2                               436      436       15        8       0
                text1                               402      402       34        8       0
                maintext                             68       68      11B        8       0
                cstackBANK0                          20       20       16       20       1
                cstackCOMMON                         70       70        C       70       1
                clrtext                             44B      44B        6        8       0
                dataBANK0                            4A       4A        4       20       1
                bssBANK0                             36       36       14       20       1
                dataCOMMON                           7C       7C        1       70       1
                idataBANK0                          451      451        4        8       0
                idataCOMMON                         455      455        1        8       0

TOTAL           Name                               Link     Load   Length     Space
        CLASS   STACK          

        CLASS   CODE           
                end_init                             47       47        2         0
                cinit                                49       49       1F         0
                intentry                              4        4       43         0
                reset_vec                             0        0        2         0
                text7                               367      367       64         0
                text6                               237      237       A9         0
                text5                               183      183       B4         0
                text4                               2E0      2E0       87         0
                text3                               3CB      3CB       37         0
                text2                               436      436       15         0
                text1                               402      402       34         0
                maintext                             68       68      11B         0
                clrtext                             44B      44B        6         0
                idataBANK0                          451      451        4         0
                idataCOMMON                         455      455        1         0

        CLASS   STRCODE        

        CLASS   STRING         

        CLASS   CONST          

        CLASS   ENTRY          

        CLASS   COMMON         
                cstackCOMMON                         70       70        C         1
                dataCOMMON                           7C       7C        1         1

        CLASS   BANK0          
                cstackBANK0                          20       20       16         1
                dataBANK0                            4A       4A        4         1
                bssBANK0                             36       36       14         1

        CLASS   BANK1          

        CLASS   BANK2          

        CLASS   BANK3          

        CLASS   BANK4          

        CLASS   BIGRAM         

        CLASS   RAM            

        CLASS   ABS1           
                abs_s1                               7E       7E        2         1

        CLASS   SFR0           

        CLASS   SFR1           

        CLASS   SFR2           

        CLASS   SFR3           

        CLASS   SFR4           

        CLASS   SFR5           

        CLASS   SFR6           

        CLASS   SFR7           

        CLASS   SFR8           

        CLASS   SFR9           

        CLASS   SFR10          

        CLASS   SFR11          

        CLASS   SFR12          

        CLASS   SFR13          

        CLASS   SFR14          

        CLASS   SFR15          

        CLASS   SFR16          

        CLASS   SFR17          

        CLASS   SFR18          

        CLASS   SFR19          

        CLASS   SFR20          

        CLASS   SFR21          

        CLASS   SFR22          

        CLASS   SFR23          

        CLASS   SFR24          

        CLASS   SFR25          

        CLASS   SFR26          

        CLASS   SFR27          

        CLASS   SFR28          

        CLASS   SFR29          

        CLASS   SFR30          

        CLASS   SFR31          

        CLASS   CONFIG         
                config                             8007     8007        2         0

        CLASS   IDLOC          

        CLASS   EEDATA         

        CLASS   BANK31         

        CLASS   BANK30         

        CLASS   BANK29         

        CLASS   BANK28         

        CLASS   BANK27         

        CLASS   BANK26         

        CLASS   BANK25         

        CLASS   BANK24         

        CLASS   BANK23         

        CLASS   BANK22         

        CLASS   BANK21         

        CLASS   BANK20         

        CLASS   BANK19         

        CLASS   BANK18         

        CLASS   BANK17         

        CLASS   BANK16         

        CLASS   BANK15         

        CLASS   BANK14         

        CLASS   BANK13         

        CLASS   BANK12         

        CLASS   BANK11         

        CLASS   BANK10         

        CLASS   BANK9          

        CLASS   BANK8          

        CLASS   BANK7          

        CLASS   BANK6          

        CLASS   BANK5          



SEGMENTS        Name                           Load    Length   Top    Selector   Space  Class     Delta

                reset_vec                      000000  000002  000002         0       0  CODE        2
                intentry                       000004  000452  000456         8       0  CODE        2
                cstackBANK0                    000020  00002E  00004E        20       1  BANK0       1
                cstackCOMMON                   000070  00000D  00007D        70       1  COMMON      1
                config                         008007  000002  008009     1000E       0  CONFIG      2


UNUSED ADDRESS RANGES

        Name                Unused          Largest block    Delta
        BANK0            0004E-0006F              22           1
        BANK1            000A0-000EF              50           1
        BANK2            00120-0016F              50           1
        BANK3            001A0-001EF              50           1
        BANK4            00220-0024F              30           1
        BIGRAM           02000-0216F             170           1
        CODE             00002-00003               2           2
                         00456-00FFF             3AA
        COMMON           0007D-0007D               1           1
        CONST            00002-00003               2           2
                         00456-00FFF             100
        EEDATA           0F000-0F0FF             100           2
        ENTRY            00002-00003               2           2
                         00456-00FFF             100
        IDLOC            08000-08003               4           2
        RAM              0004E-0006F              22           1
                         000A0-000EF              50
                         00120-0016F              50
                         001A0-001EF              50
                         00220-0024F              30
        SFR0             00000-0001F              20           1
        SFR1             00080-0009F              20           1
        SFR10            00500-0056F              70           1
        SFR11            00580-005EF              70           1
        SFR12            00600-0066F              70           1
        SFR13            00680-006EF              70           1
        SFR14            00700-0076F              70           1
        SFR15            00780-007EF              70           1
        SFR16            00800-0086F              70           1
        SFR17            00880-008EF              70           1
        SFR18            00900-0096F              70           1
        SFR19            00980-009EF              70           1
        SFR2             00100-0011F              20           1
        SFR20            00A00-00A6F              70           1
        SFR21            00A80-00AEF              70           1
        SFR22            00B00-00B6F              70           1
        SFR23            00B80-00BEF              70           1
        SFR24            00C00-00C6F              70           1
        SFR25            00C80-00CEF              70           1
        SFR26            00D00-00D6F              70           1
        SFR27            00D80-00DEF              70           1
        SFR28            00E00-00E6F              70           1
        SFR29            00E80-00EEF              70           1
        SFR3             00180-0019F              20           1
        SFR30            00F00-00F6F              70           1
        SFR31            00F80-00FEF              70           1
        SFR4             00200-0021F              20           1
        SFR5             00280-002EF              70           1
        SFR6             00300-0036F              70           1
        SFR7             00380-003EF              70           1
        SFR8             00400-0046F              70           1
        SFR9             00480-004EF              70           1
        STACK            0202E-0216F             142           1
        STRCODE          00002-00003               2           2
                         00456-00FFF             BAA
        STRING           00002-00003               2           2
                         00456-00FFF             100

                                  Symbol Table

?___ftdiv                cstackBANK0  00021
?___ftmul                cstackBANK0  00020
?___ftpack               cstackCOMMON 00071
?___fttol                cstackCOMMON 00071
?___ltmod                cstackCOMMON 00071
?___lttoft               cstackCOMMON 00079
?___lwdiv                cstackCOMMON 00071
_ANSELA                  (abs)        0018C
_ANSELB                  (abs)        0018D
_APFCON0bits             (abs)        0011D
_APFCON1                 (abs)        0011E
_BAUDCONbits             (abs)        0019F
_Cal                     bssBANK0     00042
_GIE                     (abs)        0005F
_INTCONbits              (abs)        0000B
_IOCBF                   (abs)        00396
_IOCBFbits               (abs)        00396
_IOCBN                   (abs)        00395
_IOCBPbits               (abs)        00394
_ISR                     intentry     00004
_OSCCON                  (abs)        00099
_PEIE                    (abs)        0005E
_PIE1bits                (abs)        00091
_PIE3bits                (abs)        00093
_PIR1bits                (abs)        00011
_PIR3bits                (abs)        00013
_PORTA                   (abs)        0000C
_PORTB                   (abs)        0000D
_PR2                     (abs)        0001B
_PR4                     (abs)        00416
_RA3                     (abs)        00063
_RB0                     (abs)        00068
_RCSTAbits               (abs)        0019D
_SPBRG                   (abs)        0019B
_SPBRGH                  (abs)        0019C
_Speed                   bssBANK0     0003D
_SpeedTime               dataBANK0    0004A
_Speed_long              bssBANK0     0003A
_T1CON                   (abs)        00018
_T1CONbits               (abs)        00018
_T1_Flag                 bssBANK0     00045
_T2CON                   (abs)        0001C
_T2CONbits               (abs)        0001C
_T2_Flag                 bssBANK0     00044
_T2_num                  bssBANK0     00047
_T4CON                   (abs)        00417
_T4CONbits               (abs)        00417
_TMR1                    (abs)        00016
_TMR2                    (abs)        0001A
_TMR2IF                  (abs)        00089
_TMR4IF                  (abs)        00099
_TRISA                   (abs)        0008C
_TRISB                   (abs)        0008D
_TXREG                   (abs)        0019A
_TXSTA                   (abs)        0019E
_TXSTAbits               (abs)        0019E
__CFG_BOREN$ON           (abs)        00000
__CFG_BORV$LO            (abs)        00000
__CFG_CLKOUTEN$OFF       (abs)        00000
__CFG_CP$OFF             (abs)        00000
__CFG_CPD$OFF            (abs)        00000
__CFG_FCMEN$OFF          (abs)        00000
__CFG_FOSC$INTOSC        (abs)        00000
__CFG_IESO$OFF           (abs)        00000
__CFG_LVP$ON             (abs)        00000
__CFG_MCLRE$OFF          (abs)        00000
__CFG_PLLEN$OFF          (abs)        00000
__CFG_PWRTE$OFF          (abs)        00000
__CFG_STVREN$ON          (abs)        00000
__CFG_WDTE$OFF           (abs)        00000
__CFG_WRT$OFF            (abs)        00000
__Habs1                  abs1         00000
__Hbank0                 bank0        00000
__Hbank1                 bank1        00000
__Hbank10                bank10       00000
__Hbank11                bank11       00000
__Hbank12                bank12       00000
__Hbank13                bank13       00000
__Hbank14                bank14       00000
__Hbank15                bank15       00000
__Hbank16                bank16       00000
__Hbank17                bank17       00000
__Hbank18                bank18       00000
__Hbank19                bank19       00000
__Hbank2                 bank2        00000
__Hbank20                bank20       00000
__Hbank21                bank21       00000
__Hbank22                bank22       00000
__Hbank23                bank23       00000
__Hbank24                bank24       00000
__Hbank25                bank25       00000
__Hbank26                bank26       00000
__Hbank27                bank27       00000
__Hbank28                bank28       00000
__Hbank29                bank29       00000
__Hbank3                 bank3        00000
__Hbank30                bank30       00000
__Hbank31                bank31       00000
__Hbank4                 bank4        00000
__Hbank5                 bank5        00000
__Hbank6                 bank6        00000
__Hbank7                 bank7        00000
__Hbank8                 bank8        00000
__Hbank9                 bank9        00000
__Hbigram                bigram       00000
__HbssBANK0              bssBANK0     00000
__Hcinit                 cinit        00068
__Hclrtext               clrtext      00000
__Hcode                  code         00000
__Hcommon                common       00000
__Hconfig                config       08009
__HcstackBANK0           cstackBANK0  00000
__HcstackCOMMON          cstackCOMMON 00000
__HdataBANK0             dataBANK0    00000
__HdataCOMMON            dataCOMMON   00000
__Heeprom_data           eeprom_data  00000
__Hend_init              end_init     00049
__Hfunctab               functab      00000
__HidataBANK0            idataBANK0   00000
__HidataCOMMON           idataCOMMON  00000
__Hidloc                 idloc        00000
__Hinit                  init         00047
__Hintentry              intentry     00047
__Hmaintext              maintext     00000
__Hpowerup               powerup      00000
__Hram                   ram          00000
__Hreset_vec             reset_vec    00002
__Hsfr0                  sfr0         00000
__Hsfr1                  sfr1         00000
__Hsfr10                 sfr10        00000
__Hsfr11                 sfr11        00000
__Hsfr12                 sfr12        00000
__Hsfr13                 sfr13        00000
__Hsfr14                 sfr14        00000
__Hsfr15                 sfr15        00000
__Hsfr16                 sfr16        00000
__Hsfr17                 sfr17        00000
__Hsfr18                 sfr18        00000
__Hsfr19                 sfr19        00000
__Hsfr2                  sfr2         00000
__Hsfr20                 sfr20        00000
__Hsfr21                 sfr21        00000
__Hsfr22                 sfr22        00000
__Hsfr23                 sfr23        00000
__Hsfr24                 sfr24        00000
__Hsfr25                 sfr25        00000
__Hsfr26                 sfr26        00000
__Hsfr27                 sfr27        00000
__Hsfr28                 sfr28        00000
__Hsfr29                 sfr29        00000
__Hsfr3                  sfr3         00000
__Hsfr30                 sfr30        00000
__Hsfr31                 sfr31        00000
__Hsfr4                  sfr4         00000
__Hsfr5                  sfr5         00000
__Hsfr6                  sfr6         00000
__Hsfr7                  sfr7         00000
__Hsfr8                  sfr8         00000
__Hsfr9                  sfr9         00000
__Hspace_0               (abs)        08009
__Hspace_1               (abs)        0007D
__Hspace_2               (abs)        00000
__Hspace_3               (abs)        00000
__Hstack                 stack        00000
__Hstrings               strings      00000
__Htext                  text         00000
__Labs1                  abs1         00000
__Lbank0                 bank0        00000
__Lbank1                 bank1        00000
__Lbank10                bank10       00000
__Lbank11                bank11       00000
__Lbank12                bank12       00000
__Lbank13                bank13       00000
__Lbank14                bank14       00000
__Lbank15                bank15       00000
__Lbank16                bank16       00000
__Lbank17                bank17       00000
__Lbank18                bank18       00000
__Lbank19                bank19       00000
__Lbank2                 bank2        00000
__Lbank20                bank20       00000
__Lbank21                bank21       00000
__Lbank22                bank22       00000
__Lbank23                bank23       00000
__Lbank24                bank24       00000
__Lbank25                bank25       00000
__Lbank26                bank26       00000
__Lbank27                bank27       00000
__Lbank28                bank28       00000
__Lbank29                bank29       00000
__Lbank3                 bank3        00000
__Lbank30                bank30       00000
__Lbank31                bank31       00000
__Lbank4                 bank4        00000
__Lbank5                 bank5        00000
__Lbank6                 bank6        00000
__Lbank7                 bank7        00000
__Lbank8                 bank8        00000
__Lbank9                 bank9        00000
__Lbigram                bigram       00000
__LbssBANK0              bssBANK0     00000
__Lcinit                 cinit        00049
__Lclrtext               clrtext      00000
__Lcode                  code         00000
__Lcommon                common       00000
__Lconfig                config       08007
__LcstackBANK0           cstackBANK0  00000
__LcstackCOMMON          cstackCOMMON 00000
__LdataBANK0             dataBANK0    00000
__LdataCOMMON            dataCOMMON   00000
__Leeprom_data           eeprom_data  00000
__Lend_init              end_init     00047
__Lfunctab               functab      00000
__LidataBANK0            idataBANK0   00000
__LidataCOMMON           idataCOMMON  00000
__Lidloc                 idloc        00000
__Linit                  init         00047
__Lintentry              intentry     00004
__Lmaintext              maintext     00000
__Lpowerup               powerup      00000
__Lram                   ram          00000
__Lreset_vec             reset_vec    00000
__Lsfr0                  sfr0         00000
__Lsfr1                  sfr1         00000
__Lsfr10                 sfr10        00000
__Lsfr11                 sfr11        00000
__Lsfr12                 sfr12        00000
__Lsfr13                 sfr13        00000
__Lsfr14                 sfr14        00000
__Lsfr15                 sfr15        00000
__Lsfr16                 sfr16        00000
__Lsfr17                 sfr17        00000
__Lsfr18                 sfr18        00000
__Lsfr19                 sfr19        00000
__Lsfr2                  sfr2         00000
__Lsfr20                 sfr20        00000
__Lsfr21                 sfr21        00000
__Lsfr22                 sfr22        00000
__Lsfr23                 sfr23        00000
__Lsfr24                 sfr24        00000
__Lsfr25                 sfr25        00000
__Lsfr26                 sfr26        00000
__Lsfr27                 sfr27        00000
__Lsfr28                 sfr28        00000
__Lsfr29                 sfr29        00000
__Lsfr3                  sfr3         00000
__Lsfr30                 sfr30        00000
__Lsfr31                 sfr31        00000
__Lsfr4                  sfr4         00000
__Lsfr5                  sfr5         00000
__Lsfr6                  sfr6         00000
__Lsfr7                  sfr7         00000
__Lsfr8                  sfr8         00000
__Lsfr9                  sfr9         00000
__Lspace_0               (abs)        00000
__Lspace_1               (abs)        00000
__Lspace_2               (abs)        00000
__Lspace_3               (abs)        00000
__Lstack                 stack        00000
__Lstrings               strings      00000
__Ltext                  text         00000
__S0                     (abs)        08009
__S1                     (abs)        0007D
__S2                     (abs)        00000
__S3                     (abs)        00000
___ftdiv                 text6        00237
___ftdiv@cntr            cstackBANK0  0002B
___ftdiv@exp             cstackBANK0  0002F
___ftdiv@f1              cstackBANK0  00024
___ftdiv@f2              cstackBANK0  00021
___ftdiv@f3              cstackBANK0  0002C
___ftdiv@sign            cstackBANK0  00030
___ftmul                 text5        00183
___ftmul@cntr            cstackBANK0  0002E
___ftmul@exp             cstackBANK0  0002A
___ftmul@f1              cstackBANK0  00020
___ftmul@f2              cstackBANK0  00023
___ftmul@f3_as_product   cstackBANK0  0002B
___ftmul@sign            cstackBANK0  0002F
___ftpack                text7        00367
___ftpack@arg            cstackCOMMON 00071
___ftpack@exp            cstackCOMMON 00074
___ftpack@sign           cstackCOMMON 00075
___fttol                 text4        002E0
___fttol@exp1            cstackBANK0  00025
___fttol@f1              cstackCOMMON 00071
___fttol@lval            cstackBANK0  00021
___fttol@sign1           cstackBANK0  00020
___int_sp                stack        00000
___latbits               (abs)        00001
___ltmod                 text3        003CB
___ltmod@counter         cstackCOMMON 00078
___ltmod@dividend        cstackCOMMON 00074
___ltmod@divisor         cstackCOMMON 00071
___lttoft                text2        00436
___lttoft@c              cstackCOMMON 00079
___lwdiv                 text1        00402
___lwdiv@counter         cstackCOMMON 00078
___lwdiv@dividend        cstackCOMMON 00073
___lwdiv@divisor         cstackCOMMON 00071
___lwdiv@quotient        cstackCOMMON 00076
___sp                    stack        00000
__end_of_ISR             intentry     00047
__end_of___ftdiv         text6        002E0
__end_of___ftmul         text5        00237
__end_of___ftpack        text7        003CB
__end_of___fttol         text4        00367
__end_of___ltmod         text3        00402
__end_of___lttoft        text2        0044B
__end_of___lwdiv         text1        00436
__end_of__initialization cinit        00064
__end_of_main            maintext     00183
__initialization         cinit        00049
__pbssBANK0              bssBANK0     00036
__pcstackBANK0           cstackBANK0  00020
__pcstackCOMMON          cstackCOMMON 00070
__pdataBANK0             dataBANK0    0004A
__pdataCOMMON            dataCOMMON   0007C
__pidataBANK0            idataBANK0   00451
__pidataCOMMON           idataCOMMON  00455
__pintentry              intentry     00004
__pmaintext              maintext     00068
__ptext1                 text1        00402
__ptext2                 text2        00436
__ptext3                 text3        003CB
__ptext4                 text4        002E0
__ptext5                 text5        00183
__ptext6                 text6        00237
__ptext7                 text7        00367
__size_of_ISR            (abs)        00000
__size_of___ftdiv        (abs)        00000
__size_of___ftmul        (abs)        00000
__size_of___ftpack       (abs)        00000
__size_of___fttol        (abs)        00000
__size_of___ltmod        (abs)        00000
__size_of___lttoft       (abs)        00000
__size_of___lwdiv        (abs)        00000
__size_of_main           (abs)        00000
_i                       bssBANK0     00046
_main                    maintext     00068
btemp                    (abs)        0007E
clear_ram0               clrtext      0044B
end_of_initialization    cinit        00064
int$flags                (abs)        0007E
intlevel0                functab      00000
intlevel1                functab      00000
intlevel2                functab      00000
intlevel3                functab      00000
intlevel4                functab      00000
intlevel5                functab      00000
reset_vec                reset_vec    00000
stackhi                  (abs)        0216F
stacklo                  (abs)        0202E
start                    init         00047
start_initialization     cinit        00049
wtemp0                   (abs)        0007E


FUNCTION INFORMATION:

 *************** function _main *****************
 Defined at:
		line 133 in file "Servo_and_Encoder_Program.c"
 Parameters:    Size  Location     Type
  argc            2   17[BANK0 ] int 
  argv            2   19[BANK0 ] PTR PTR unsigned char 
 Auto vars:     Size  Location     Type
		None
 Return value:  Size  Location     Type
                  2   17[BANK0 ] int 
 Registers used:
		wreg, fsr1l, fsr1h, status,2, status,0, pclath, cstack
 Tracked objects:
		On entry : 
		On exit  : 
		Unchanged: 
 Data sizes:     COMMON   BANK0   BANK1   BANK2   BANK3   BANK4
      Params:         0       4       0       0       0       0
      Locals:         0       0       0       0       0       0
      Temps:          0       1       0       0       0       0
      Totals:         0       5       0       0       0       0
Total ram usage:        5 bytes
 Hardware stack levels required when called:    3
 This function calls:
		___ftdiv
		___ftmul
		___fttol
		___ltmod
		___lttoft
		___lwdiv
 This function is called by:
		Startup code after reset
 This function uses a non-reentrant model


 *************** function ___lwdiv *****************
 Defined at:
		line 6 in file "C:\Program Files (x86)\Microchip\xc8\v1.42\sources\common\lwdiv.c"
 Parameters:    Size  Location     Type
  divisor         2    1[COMMON] unsigned int 
  dividend        2    3[COMMON] unsigned int 
 Auto vars:     Size  Location     Type
  quotient        2    6[COMMON] unsigned int 
  counter         1    8[COMMON] unsigned char 
 Return value:  Size  Location     Type
                  2    1[COMMON] unsigned int 
 Registers used:
		wreg, status,2, status,0
 Tracked objects:
		On entry : 
		On exit  : 
		Unchanged: 
 Data sizes:     COMMON   BANK0   BANK1   BANK2   BANK3   BANK4
      Params:         4       0       0       0       0       0
      Locals:         3       0       0       0       0       0
      Temps:          1       0       0       0       0       0
      Totals:         8       0       0       0       0       0
Total ram usage:        8 bytes
 Hardware stack levels used:    1
 Hardware stack levels required when called:    1
 This function calls:
		Nothing
 This function is called by:
		_main
 This function uses a non-reentrant model


 *************** function ___lttoft *****************
 Defined at:
		line 30 in file "C:\Program Files (x86)\Microchip\xc8\v1.42\sources\common\lttoft.c"
 Parameters:    Size  Location     Type
  c               3    9[COMMON] unsigned um
 Auto vars:     Size  Location     Type
		None
 Return value:  Size  Location     Type
                  3    9[COMMON] float 
 Registers used:
		wreg, status,2, status,0, pclath, cstack
 Tracked objects:
		On entry : 
		On exit  : 
		Unchanged: 
 Data sizes:     COMMON   BANK0   BANK1   BANK2   BANK3   BANK4
      Params:         3       0       0       0       0       0
      Locals:         0       0       0       0       0       0
      Temps:          0       1       0       0       0       0
      Totals:         3       1       0       0       0       0
Total ram usage:        4 bytes
 Hardware stack levels used:    1
 Hardware stack levels required when called:    2
 This function calls:
		___ftpack
 This function is called by:
		_main
 This function uses a non-reentrant model


 *************** function ___ltmod *****************
 Defined at:
		line 6 in file "C:\Program Files (x86)\Microchip\xc8\v1.42\sources\common\ltmod.c"
 Parameters:    Size  Location     Type
  divisor         3    1[COMMON] unsigned um
  dividend        3    4[COMMON] unsigned um
 Auto vars:     Size  Location     Type
  counter         1    8[COMMON] unsigned char 
 Return value:  Size  Location     Type
                  3    1[COMMON] unsigned um
 Registers used:
		wreg, status,2, status,0
 Tracked objects:
		On entry : 
		On exit  : 
		Unchanged: 
 Data sizes:     COMMON   BANK0   BANK1   BANK2   BANK3   BANK4
      Params:         6       0       0       0       0       0
      Locals:         1       0       0       0       0       0
      Temps:          1       0       0       0       0       0
      Totals:         8       0       0       0       0       0
Total ram usage:        8 bytes
 Hardware stack levels used:    1
 Hardware stack levels required when called:    1
 This function calls:
		Nothing
 This function is called by:
		_main
 This function uses a non-reentrant model


 *************** function ___fttol *****************
 Defined at:
		line 44 in file "C:\Program Files (x86)\Microchip\xc8\v1.42\sources\common\fttol.c"
 Parameters:    Size  Location     Type
  f1              3    1[COMMON] float 
 Auto vars:     Size  Location     Type
  lval            4    1[BANK0 ] unsigned long 
  exp1            1    5[BANK0 ] unsigned char 
  sign1           1    0[BANK0 ] unsigned char 
 Return value:  Size  Location     Type
                  4    1[COMMON] long 
 Registers used:
		wreg, status,2, status,0
 Tracked objects:
		On entry : 
		On exit  : 
		Unchanged: 
 Data sizes:     COMMON   BANK0   BANK1   BANK2   BANK3   BANK4
      Params:         4       0       0       0       0       0
      Locals:         0       6       0       0       0       0
      Temps:          4       0       0       0       0       0
      Totals:         8       6       0       0       0       0
Total ram usage:       14 bytes
 Hardware stack levels used:    1
 Hardware stack levels required when called:    1
 This function calls:
		Nothing
 This function is called by:
		_main
 This function uses a non-reentrant model


 *************** function ___ftmul *****************
 Defined at:
		line 62 in file "C:\Program Files (x86)\Microchip\xc8\v1.42\sources\common\ftmul.c"
 Parameters:    Size  Location     Type
  f1              3    0[BANK0 ] float 
  f2              3    3[BANK0 ] float 
 Auto vars:     Size  Location     Type
  f3_as_produc    3   11[BANK0 ] unsigned um
  sign            1   15[BANK0 ] unsigned char 
  cntr            1   14[BANK0 ] unsigned char 
  exp             1   10[BANK0 ] unsigned char 
 Return value:  Size  Location     Type
                  3    0[BANK0 ] float 
 Registers used:
		wreg, status,2, status,0, pclath, cstack
 Tracked objects:
		On entry : 
		On exit  : 
		Unchanged: 
 Data sizes:     COMMON   BANK0   BANK1   BANK2   BANK3   BANK4
      Params:         0       6       0       0       0       0
      Locals:         0       6       0       0       0       0
      Temps:          0       4       0       0       0       0
      Totals:         0      16       0       0       0       0
Total ram usage:       16 bytes
 Hardware stack levels used:    1
 Hardware stack levels required when called:    2
 This function calls:
		___ftpack
 This function is called by:
		_main
 This function uses a non-reentrant model


 *************** function ___ftdiv *****************
 Defined at:
		line 56 in file "C:\Program Files (x86)\Microchip\xc8\v1.42\sources\common\ftdiv.c"
 Parameters:    Size  Location     Type
  f2              3    1[BANK0 ] float 
  f1              3    4[BANK0 ] float 
 Auto vars:     Size  Location     Type
  f3              3   12[BANK0 ] float 
  sign            1   16[BANK0 ] unsigned char 
  exp             1   15[BANK0 ] unsigned char 
  cntr            1   11[BANK0 ] unsigned char 
 Return value:  Size  Location     Type
                  3    1[BANK0 ] float 
 Registers used:
		wreg, status,2, status,0, pclath, cstack
 Tracked objects:
		On entry : 
		On exit  : 
		Unchanged: 
 Data sizes:     COMMON   BANK0   BANK1   BANK2   BANK3   BANK4
      Params:         0       6       0       0       0       0
      Locals:         0       6       0       0       0       0
      Temps:          0       4       0       0       0       0
      Totals:         0      16       0       0       0       0
Total ram usage:       16 bytes
 Hardware stack levels used:    1
 Hardware stack levels required when called:    2
 This function calls:
		___ftpack
 This function is called by:
		_main
 This function uses a non-reentrant model


 *************** function ___ftpack *****************
 Defined at:
		line 62 in file "C:\Program Files (x86)\Microchip\xc8\v1.42\sources\common\float.c"
 Parameters:    Size  Location     Type
  arg             3    1[COMMON] unsigned um
  exp             1    4[COMMON] unsigned char 
  sign            1    5[COMMON] unsigned char 
 Auto vars:     Size  Location     Type
		None
 Return value:  Size  Location     Type
                  3    1[COMMON] float 
 Registers used:
		wreg, status,2, status,0
 Tracked objects:
		On entry : 
		On exit  : 
		Unchanged: 
 Data sizes:     COMMON   BANK0   BANK1   BANK2   BANK3   BANK4
      Params:         5       0       0       0       0       0
      Locals:         0       0       0       0       0       0
      Temps:          3       0       0       0       0       0
      Totals:         8       0       0       0       0       0
Total ram usage:        8 bytes
 Hardware stack levels used:    1
 Hardware stack levels required when called:    1
 This function calls:
		Nothing
 This function is called by:
		___ftdiv
		___ftmul
		___lttoft
 This function uses a non-reentrant model


 *************** function _ISR *****************
 Defined at:
		line 59 in file "Servo_and_Encoder_Program.c"
 Parameters:    Size  Location     Type
		None
 Auto vars:     Size  Location     Type
		None
 Return value:  Size  Location     Type
                  1    wreg      void 
 Registers used:
		wreg, status,2
 Tracked objects:
		On entry : 
		On exit  : 
		Unchanged: 
 Data sizes:     COMMON   BANK0   BANK1   BANK2   BANK3   BANK4
      Params:         0       0       0       0       0       0
      Locals:         0       0       0       0       0       0
      Temps:          1       0       0       0       0       0
      Totals:         1       0       0       0       0       0
Total ram usage:        1 bytes
 Hardware stack levels used:    1
 This function calls:
		Nothing
 This function is called by:
		Interrupt level 1
 This function uses a non-reentrant model



MODULE INFORMATION

Module		Function		Class		Link	Load	Size
C:\Program Files (x86)\Microchip\xc8\v1.42\sources\common\ftmul.c
		___ftmul       		CODE           	0183	0000	181

C:\Program Files (x86)\Microchip\xc8\v1.42\sources\common\ftmul.c estimated size: 181

C:\Program Files (x86)\Microchip\xc8\v1.42\sources\common\ftdiv.c
		___ftdiv       		CODE           	0237	0000	170

C:\Program Files (x86)\Microchip\xc8\v1.42\sources\common\ftdiv.c estimated size: 170

C:\Program Files (x86)\Microchip\xc8\v1.42\sources\common\lwdiv.c
		___lwdiv       		CODE           	0402	0000	53

C:\Program Files (x86)\Microchip\xc8\v1.42\sources\common\lwdiv.c estimated size: 53

C:\Program Files (x86)\Microchip\xc8\v1.42\sources\common\fttol.c
		___fttol       		CODE           	02E0	0000	136

C:\Program Files (x86)\Microchip\xc8\v1.42\sources\common\fttol.c estimated size: 136

C:\Program Files (x86)\Microchip\xc8\v1.42\sources\common\lttoft.c
		___lttoft      		CODE           	0436	0000	22

C:\Program Files (x86)\Microchip\xc8\v1.42\sources\common\lttoft.c estimated size: 22

Servo_and_Encoder_Program.c
		_ISR           		CODE           	0004	0000	68
		_main          		CODE           	0068	0000	284

Servo_and_Encoder_Program.c estimated size: 352

shared
		__initialization		CODE           	0049	0000	28

shared estimated size: 28

C:\Program Files (x86)\Microchip\xc8\v1.42\sources\common\float.c
		___ftpack      		CODE           	0367	0000	101

C:\Program Files (x86)\Microchip\xc8\v1.42\sources\common\float.c estimated size: 101

C:\Program Files (x86)\Microchip\xc8\v1.42\sources\common\ltmod.c
		___ltmod       		CODE           	03CB	0000	56

C:\Program Files (x86)\Microchip\xc8\v1.42\sources\common\ltmod.c estimated size: 56

