Microchip MPLAB XC8 Compiler V1.42 ()

Linker command line:

-W-3 --edf=C:\Program Files (x86)\Microchip\xc8\v1.42\dat\en_msgs.txt -cs \
  -h+dist/default/production\LCD_Display.X.production.sym \
  --cmf=dist/default/production\LCD_Display.X.production.cmf -z -Q16F1938 \
  -oC:\Users\CONTRO~1\AppData\Local\Temp\s7io.2 \
  -Mdist/default/production/LCD_Display.X.production.map -E1 -ver=XC8 \
  -ASTACK=0202Dh-023efh -pstack=STACK -ACODE=00h-07FFhx8 \
  -ASTRCODE=00h-03FFFh -ASTRING=00h-0FFhx64 -ACONST=00h-0FFhx64 \
  -AENTRY=00h-0FFhx64 -ACOMMON=070h-07Fh -ABANK0=020h-06Fh \
  -ABANK1=0A0h-0EFh -ABANK2=0120h-016Fh -ABANK3=01A0h-01EFh \
  -ABANK4=0220h-026Fh -ABANK5=02A0h-02EFh -ABANK6=0320h-036Fh \
  -ABANK7=03A0h-03EFh -ABANK8=0420h-046Fh -ABANK9=04A0h-04EFh \
  -ABANK10=0520h-056Fh -ABANK11=05A0h-05EFh -ABANK12=0620h-064Fh \
  -ABIGRAM=02000h-023EFh \
  -ARAM=020h-06Fh,0A0h-0EFh,0120h-016Fh,01A0h-01EFh,0220h-026Fh,02A0h-02EFh,0320h-036Fh,03A0h-03EFh,0420h-046Fh,04A0h-04EFh,0520h-056Fh,05A0h-05EFh,0620h-064Fh \
  -AABS1=020h-07Fh,0A0h-0EFh,0120h-016Fh,01A0h-01EFh,0220h-026Fh,02A0h-02EFh,0320h-036Fh,03A0h-03EFh,0420h-046Fh,04A0h-04EFh,0520h-056Fh,05A0h-05EFh,0620h-064Fh \
  -ASFR0=00h-01Fh -ASFR1=080h-09Fh -ASFR2=0100h-011Fh -ASFR3=0180h-019Fh \
  -ASFR4=0200h-021Fh -ASFR5=0280h-029Fh -ASFR6=0300h-031Fh \
  -ASFR7=0380h-039Fh -ASFR8=0400h-041Fh -ASFR9=0480h-049Fh \
  -ASFR10=0500h-051Fh -ASFR11=0580h-059Fh -ASFR12=0600h-061Fh \
  -ASFR13=0680h-06EFh -ASFR14=0700h-076Fh -ASFR15=0780h-07EFh \
  -ASFR16=0800h-086Fh -ASFR17=0880h-08EFh -ASFR18=0900h-096Fh \
  -ASFR19=0980h-09EFh -ASFR20=0A00h-0A6Fh -ASFR21=0A80h-0AEFh \
  -ASFR22=0B00h-0B6Fh -ASFR23=0B80h-0BEFh -ASFR24=0C00h-0C6Fh \
  -ASFR25=0C80h-0CEFh -ASFR26=0D00h-0D6Fh -ASFR27=0D80h-0DEFh \
  -ASFR28=0E00h-0E6Fh -ASFR29=0E80h-0EEFh -ASFR30=0F00h-0F6Fh \
  -ASFR31=0F80h-0FEFh -preset_vec=00h,intentry=04h,init,end_init \
  -ppowerup=CODE -pcinit=CODE -pfunctab=CODE -ACONFIG=08007h-08008h \
  -pconfig=CONFIG -DCONFIG=2 -AIDLOC=08000h-08003h -pidloc=IDLOC -DIDLOC=2 \
  -AEEDATA=00h-0FFh/0F000h -peeprom_data=EEDATA -DEEDATA=2 -DCODE=2 \
  -DSTRCODE=2 -DSTRING=2 -DCONST=2 -DENTRY=2 -k \
  C:\Users\CONTRO~1\AppData\Local\Temp\s7io.obj \
  dist/default/production\LCD_Display.X.production.obj 

Object code version is 3.11

Machine type is 16F1938



                Name                               Link     Load   Length Selector   Space Scale
C:\Users\CONTRO~1\AppData\Local\Temp\s7io.obj
                end_init                             22       22        2        8       0
                reset_vec                             0        0        2        0       0
                config                             8007     8007        2    1000E       0
dist/default/production\LCD_Display.X.production.obj
                cinit                                24       24       1A        8       0
                intentry                              4        4       1E        8       0
                text12                              454      454        D        8       0
                text11                              447      447        D        8       0
                text10                              33E      33E       70        8       0
                text9                               46E      46E        6        8       0
                text8                               1FD      1FD       B2        8       0
                text7                               43A      43A        D        8       0
                text6                               461      461        7        8       0
                text5                               426      426       14        8       0
                text4                               3D3      3D3       24        8       0
                text3                               3AE      3AE       25        8       0
                text2                               3F7      3F7       1A        8       0
                text1                                3E       3E      1BF        8       0
                maintext                            2AF      2AF       8F        8       0
                cstackBANK0                          35       35        F       20       1
                cstackCOMMON                         70       70        9       70       1
                inittext                            468      468        6        8       0
                dataBANK0                            20       20       15       20       1
                bssBANK0                             44       44        9       20       1
                bssCOMMON                            79       79        2       70       1
                stringtext12                        48D      48D        2      8E8       0
                stringtext11                        48B      48B        2      8E8       0
                stringtext10                        489      489        2      8E8       0
                stringtext9                         487      487        2      8E8       0
                stringtext8                         485      485        2      8E8       0
                stringtext7                         483      483        2      8E8       0
                stringtext6                         481      481        2      8E8       0
                stringtext5                         47F      47F        2      8E8       0
                stringtext4                         47D      47D        2      8E8       0
                stringtext3                         47B      47B        2      8E8       0
                stringtext2                         479      479        2      8E8       0
                stringtext1                         474      474        5      8E8       0
                idataBANK0                          411      411       15        8       0

TOTAL           Name                               Link     Load   Length     Space
        CLASS   STACK          

        CLASS   CODE           
                end_init                             22       22        2         0
                cinit                                24       24       1A         0
                intentry                              4        4       1E         0
                reset_vec                             0        0        2         0
                text12                              454      454        D         0
                text11                              447      447        D         0
                text10                              33E      33E       70         0
                text9                               46E      46E        6         0
                text8                               1FD      1FD       B2         0
                text7                               43A      43A        D         0
                text6                               461      461        7         0
                text5                               426      426       14         0
                text4                               3D3      3D3       24         0
                text3                               3AE      3AE       25         0
                text2                               3F7      3F7       1A         0
                text1                                3E       3E      1BF         0
                maintext                            2AF      2AF       8F         0
                inittext                            468      468        6         0
                idataBANK0                          411      411       15         0

        CLASS   STRCODE        
                stringtext12                        48D      48D        2         0
                stringtext11                        48B      48B        2         0
                stringtext10                        489      489        2         0
                stringtext9                         487      487        2         0
                stringtext8                         485      485        2         0
                stringtext7                         483      483        2         0
                stringtext6                         481      481        2         0
                stringtext5                         47F      47F        2         0
                stringtext4                         47D      47D        2         0
                stringtext3                         47B      47B        2         0
                stringtext2                         479      479        2         0
                stringtext1                         474      474        5         0

        CLASS   STRING         

        CLASS   CONST          

        CLASS   ENTRY          

        CLASS   COMMON         
                cstackCOMMON                         70       70        9         1
                bssCOMMON                            79       79        2         1

        CLASS   BANK0          
                cstackBANK0                          35       35        F         1
                dataBANK0                            20       20       15         1
                bssBANK0                             44       44        9         1

        CLASS   BANK1          

        CLASS   BANK2          

        CLASS   BANK3          

        CLASS   BANK4          

        CLASS   BANK5          

        CLASS   BANK6          

        CLASS   BANK7          

        CLASS   BANK8          

        CLASS   BANK9          

        CLASS   BANK10         

        CLASS   BANK11         

        CLASS   BANK12         

        CLASS   BIGRAM         

        CLASS   RAM            

        CLASS   ABS1           
                abs_s1                               7E       7E        2         1

        CLASS   SFR0           

        CLASS   SFR1           

        CLASS   SFR2           

        CLASS   SFR3           

        CLASS   SFR4           

        CLASS   SFR5           

        CLASS   SFR6           

        CLASS   SFR7           

        CLASS   SFR8           

        CLASS   SFR9           

        CLASS   SFR10          

        CLASS   SFR11          

        CLASS   SFR12          

        CLASS   SFR13          

        CLASS   SFR14          

        CLASS   SFR15          

        CLASS   SFR16          

        CLASS   SFR17          

        CLASS   SFR18          

        CLASS   SFR19          

        CLASS   SFR20          

        CLASS   SFR21          

        CLASS   SFR22          

        CLASS   SFR23          

        CLASS   SFR24          

        CLASS   SFR25          

        CLASS   SFR26          

        CLASS   SFR27          

        CLASS   SFR28          

        CLASS   SFR29          

        CLASS   SFR30          

        CLASS   SFR31          

        CLASS   CONFIG         
                config                             8007     8007        2         0

        CLASS   IDLOC          

        CLASS   EEDATA         

        CLASS   BANK31         

        CLASS   BANK30         

        CLASS   BANK29         

        CLASS   BANK28         

        CLASS   BANK27         

        CLASS   BANK26         

        CLASS   BANK25         

        CLASS   BANK24         

        CLASS   BANK23         

        CLASS   BANK22         

        CLASS   BANK21         

        CLASS   BANK20         

        CLASS   BANK19         

        CLASS   BANK18         

        CLASS   BANK17         

        CLASS   BANK16         

        CLASS   BANK15         

        CLASS   BANK14         

        CLASS   BANK13         



SEGMENTS        Name                           Load    Length   Top    Selector   Space  Class     Delta

                reset_vec                      000000  000002  000002         0       0  CODE        2
                intentry                       000004  000470  000474         8       0  CODE        2
                dataBANK0                      000020  00002D  00004D        20       1  BANK0       1
                cstackCOMMON                   000070  00000B  00007B        70       1  COMMON      1
                stringtext1                    000474  00001B  00048F       8E8       0  STRCODE     2
                config                         008007  000002  008009     1000E       0  CONFIG      2


UNUSED ADDRESS RANGES

        Name                Unused          Largest block    Delta
        BANK0            0004D-0006F              23           1
        BANK1            000A0-000EF              50           1
        BANK10           00520-0056F              50           1
        BANK11           005A0-005EF              50           1
        BANK12           00620-0064F              30           1
        BANK2            00120-0016F              50           1
        BANK3            001A0-001EF              50           1
        BANK4            00220-0026F              50           1
        BANK5            002A0-002EF              50           1
        BANK6            00320-0036F              50           1
        BANK7            003A0-003EF              50           1
        BANK8            00420-0046F              50           1
        BANK9            004A0-004EF              50           1
        BIGRAM           02000-023EF             3F0           1
        CODE             00002-00003               2           2
                         0048F-03FFF             800
        COMMON           0007B-0007D               3           1
        CONST            00002-00003               2           2
                         0048F-03FFF             100
        EEDATA           0F000-0F0FF             100           2
        ENTRY            00002-00003               2           2
                         0048F-03FFF             100
        IDLOC            08000-08003               4           2
        RAM              0004D-0006F              23           1
                         000A0-000EF              50
                         00120-0016F              50
                         001A0-001EF              50
                         00220-0026F              50
                         002A0-002EF              50
                         00320-0036F              50
                         003A0-003EF              50
                         00420-0046F              50
                         004A0-004EF              50
                         00520-0056F              50
                         005A0-005EF              50
                         00620-0064F              30
        SFR0             00000-0001F              20           1
        SFR1             00080-0009F              20           1
        SFR10            00500-0051F              20           1
        SFR11            00580-0059F              20           1
        SFR12            00600-0061F              20           1
        SFR13            00680-006EF              70           1
        SFR14            00700-0076F              70           1
        SFR15            00780-007EF              70           1
        SFR16            00800-0086F              70           1
        SFR17            00880-008EF              70           1
        SFR18            00900-0096F              70           1
        SFR19            00980-009EF              70           1
        SFR2             00100-0011F              20           1
        SFR20            00A00-00A6F              70           1
        SFR21            00A80-00AEF              70           1
        SFR22            00B00-00B6F              70           1
        SFR23            00B80-00BEF              70           1
        SFR24            00C00-00C6F              70           1
        SFR25            00C80-00CEF              70           1
        SFR26            00D00-00D6F              70           1
        SFR27            00D80-00DEF              70           1
        SFR28            00E00-00E6F              70           1
        SFR29            00E80-00EEF              70           1
        SFR3             00180-0019F              20           1
        SFR30            00F00-00F6F              70           1
        SFR31            00F80-00FEF              70           1
        SFR4             00200-0021F              20           1
        SFR5             00280-0029F              20           1
        SFR6             00300-0031F              20           1
        SFR7             00380-0039F              20           1
        SFR8             00400-0041F              20           1
        SFR9             00480-0049F              20           1
        STACK            0202D-023EF             3C3           1
        STRCODE          00002-00003               2           2
                         0048F-03FFF            3B71
        STRING           00002-00003               2           2
                         0048F-03FFF             100

                                  Symbol Table

_ANSELA                  (abs)        0018C
_ANSELB                  (abs)        0018D
_BRG16                   (abs)        00CFB
_BRGH                    (abs)        00CF2
_GIE                     (abs)        0005F
_ISR                     intentry     00004
_LATA0                   (abs)        00860
_LATA1                   (abs)        00861
_LATA2                   (abs)        00862
_LATB0                   (abs)        00868
_LATB1                   (abs)        00869
_LATB2                   (abs)        0086A
_LATB3                   (abs)        0086B
_LATB4                   (abs)        0086C
_LATB5                   (abs)        0086D
_LATB6                   (abs)        0086E
_LATB7                   (abs)        0086F
_OERR                    (abs)        00CE9
_OSCCON                  (abs)        00099
_PEIE                    (abs)        0005E
_PORTA                   (abs)        0000C
_PORTB                   (abs)        0000D
_PORTC                   (abs)        0000E
_RCIE                    (abs)        0048D
_RCIF                    (abs)        0008D
_RCREG                   (abs)        00199
_RCSTA                   (abs)        0019D
_SPBRG                   (abs)        0019B
_SYNC                    (abs)        00CF4
_TRISA                   (abs)        0008C
_TRISB                   (abs)        0008D
_TRISC                   (abs)        0008E
__CFG_BOREN$ON           (abs)        00000
__CFG_BORV$HI            (abs)        00000
__CFG_CLKOUTEN$OFF       (abs)        00000
__CFG_CP$OFF             (abs)        00000
__CFG_CPD$OFF            (abs)        00000
__CFG_FCMEN$OFF          (abs)        00000
__CFG_FOSC$INTOSC        (abs)        00000
__CFG_IESO$OFF           (abs)        00000
__CFG_LVP$OFF            (abs)        00000
__CFG_MCLRE$OFF          (abs)        00000
__CFG_PLLEN$OFF          (abs)        00000
__CFG_PWRTE$ON           (abs)        00000
__CFG_STVREN$ON          (abs)        00000
__CFG_VCAPEN$OFF         (abs)        00000
__CFG_WDTE$OFF           (abs)        00000
__CFG_WRT$OFF            (abs)        00000
__Habs1                  abs1         00000
__Hbank0                 bank0        00000
__Hbank1                 bank1        00000
__Hbank10                bank10       00000
__Hbank11                bank11       00000
__Hbank12                bank12       00000
__Hbank13                bank13       00000
__Hbank14                bank14       00000
__Hbank15                bank15       00000
__Hbank16                bank16       00000
__Hbank17                bank17       00000
__Hbank18                bank18       00000
__Hbank19                bank19       00000
__Hbank2                 bank2        00000
__Hbank20                bank20       00000
__Hbank21                bank21       00000
__Hbank22                bank22       00000
__Hbank23                bank23       00000
__Hbank24                bank24       00000
__Hbank25                bank25       00000
__Hbank26                bank26       00000
__Hbank27                bank27       00000
__Hbank28                bank28       00000
__Hbank29                bank29       00000
__Hbank3                 bank3        00000
__Hbank30                bank30       00000
__Hbank31                bank31       00000
__Hbank4                 bank4        00000
__Hbank5                 bank5        00000
__Hbank6                 bank6        00000
__Hbank7                 bank7        00000
__Hbank8                 bank8        00000
__Hbank9                 bank9        00000
__Hbigram                bigram       00000
__HbssBANK0              bssBANK0     00000
__HbssCOMMON             bssCOMMON    00000
__Hcinit                 cinit        0003E
__Hclrtext               clrtext      00000
__Hcode                  code         00000
__Hcommon                common       00000
__Hconfig                config       08009
__HcstackBANK0           cstackBANK0  00000
__HcstackCOMMON          cstackCOMMON 00000
__HdataBANK0             dataBANK0    00000
__Heeprom_data           eeprom_data  00000
__Hend_init              end_init     00024
__Hfunctab               functab      00000
__HidataBANK0            idataBANK0   00000
__Hidloc                 idloc        00000
__Hinit                  init         00022
__Hinittext              inittext     00000
__Hintentry              intentry     00022
__Hmaintext              maintext     00000
__Hpowerup               powerup      00000
__Hram                   ram          00000
__Hreset_vec             reset_vec    00002
__Hsfr0                  sfr0         00000
__Hsfr1                  sfr1         00000
__Hsfr10                 sfr10        00000
__Hsfr11                 sfr11        00000
__Hsfr12                 sfr12        00000
__Hsfr13                 sfr13        00000
__Hsfr14                 sfr14        00000
__Hsfr15                 sfr15        00000
__Hsfr16                 sfr16        00000
__Hsfr17                 sfr17        00000
__Hsfr18                 sfr18        00000
__Hsfr19                 sfr19        00000
__Hsfr2                  sfr2         00000
__Hsfr20                 sfr20        00000
__Hsfr21                 sfr21        00000
__Hsfr22                 sfr22        00000
__Hsfr23                 sfr23        00000
__Hsfr24                 sfr24        00000
__Hsfr25                 sfr25        00000
__Hsfr26                 sfr26        00000
__Hsfr27                 sfr27        00000
__Hsfr28                 sfr28        00000
__Hsfr29                 sfr29        00000
__Hsfr3                  sfr3         00000
__Hsfr30                 sfr30        00000
__Hsfr31                 sfr31        00000
__Hsfr4                  sfr4         00000
__Hsfr5                  sfr5         00000
__Hsfr6                  sfr6         00000
__Hsfr7                  sfr7         00000
__Hsfr8                  sfr8         00000
__Hsfr9                  sfr9         00000
__Hspace_0               (abs)        08009
__Hspace_1               (abs)        0007B
__Hspace_2               (abs)        00000
__Hspace_3               (abs)        00000
__Hstack                 stack        00000
__Hstrings               strings      00000
__Hstringtext1           stringtext1  00000
__Hstringtext10          stringtext10 00000
__Hstringtext11          stringtext11 00000
__Hstringtext12          stringtext12 00000
__Hstringtext13          stringtext13 00000
__Hstringtext2           stringtext2  00000
__Hstringtext3           stringtext3  00000
__Hstringtext4           stringtext4  00000
__Hstringtext5           stringtext5  00000
__Hstringtext6           stringtext6  00000
__Hstringtext7           stringtext7  00000
__Hstringtext8           stringtext8  00000
__Hstringtext9           stringtext9  00000
__Htext                  text         00000
__Labs1                  abs1         00000
__Lbank0                 bank0        00000
__Lbank1                 bank1        00000
__Lbank10                bank10       00000
__Lbank11                bank11       00000
__Lbank12                bank12       00000
__Lbank13                bank13       00000
__Lbank14                bank14       00000
__Lbank15                bank15       00000
__Lbank16                bank16       00000
__Lbank17                bank17       00000
__Lbank18                bank18       00000
__Lbank19                bank19       00000
__Lbank2                 bank2        00000
__Lbank20                bank20       00000
__Lbank21                bank21       00000
__Lbank22                bank22       00000
__Lbank23                bank23       00000
__Lbank24                bank24       00000
__Lbank25                bank25       00000
__Lbank26                bank26       00000
__Lbank27                bank27       00000
__Lbank28                bank28       00000
__Lbank29                bank29       00000
__Lbank3                 bank3        00000
__Lbank30                bank30       00000
__Lbank31                bank31       00000
__Lbank4                 bank4        00000
__Lbank5                 bank5        00000
__Lbank6                 bank6        00000
__Lbank7                 bank7        00000
__Lbank8                 bank8        00000
__Lbank9                 bank9        00000
__Lbigram                bigram       00000
__LbssBANK0              bssBANK0     00000
__LbssCOMMON             bssCOMMON    00000
__Lcinit                 cinit        00024
__Lclrtext               clrtext      00000
__Lcode                  code         00000
__Lcommon                common       00000
__Lconfig                config       08007
__LcstackBANK0           cstackBANK0  00000
__LcstackCOMMON          cstackCOMMON 00000
__LdataBANK0             dataBANK0    00000
__Leeprom_data           eeprom_data  00000
__Lend_init              end_init     00022
__Lfunctab               functab      00000
__LidataBANK0            idataBANK0   00000
__Lidloc                 idloc        00000
__Linit                  init         00022
__Linittext              inittext     00000
__Lintentry              intentry     00004
__Lmaintext              maintext     00000
__Lpowerup               powerup      00000
__Lram                   ram          00000
__Lreset_vec             reset_vec    00000
__Lsfr0                  sfr0         00000
__Lsfr1                  sfr1         00000
__Lsfr10                 sfr10        00000
__Lsfr11                 sfr11        00000
__Lsfr12                 sfr12        00000
__Lsfr13                 sfr13        00000
__Lsfr14                 sfr14        00000
__Lsfr15                 sfr15        00000
__Lsfr16                 sfr16        00000
__Lsfr17                 sfr17        00000
__Lsfr18                 sfr18        00000
__Lsfr19                 sfr19        00000
__Lsfr2                  sfr2         00000
__Lsfr20                 sfr20        00000
__Lsfr21                 sfr21        00000
__Lsfr22                 sfr22        00000
__Lsfr23                 sfr23        00000
__Lsfr24                 sfr24        00000
__Lsfr25                 sfr25        00000
__Lsfr26                 sfr26        00000
__Lsfr27                 sfr27        00000
__Lsfr28                 sfr28        00000
__Lsfr29                 sfr29        00000
__Lsfr3                  sfr3         00000
__Lsfr30                 sfr30        00000
__Lsfr31                 sfr31        00000
__Lsfr4                  sfr4         00000
__Lsfr5                  sfr5         00000
__Lsfr6                  sfr6         00000
__Lsfr7                  sfr7         00000
__Lsfr8                  sfr8         00000
__Lsfr9                  sfr9         00000
__Lspace_0               (abs)        00000
__Lspace_1               (abs)        00000
__Lspace_2               (abs)        00000
__Lspace_3               (abs)        00000
__Lstack                 stack        00000
__Lstrings               strings      00000
__Lstringtext1           stringtext1  00000
__Lstringtext10          stringtext10 00000
__Lstringtext11          stringtext11 00000
__Lstringtext12          stringtext12 00000
__Lstringtext13          stringtext13 00000
__Lstringtext2           stringtext2  00000
__Lstringtext3           stringtext3  00000
__Lstringtext4           stringtext4  00000
__Lstringtext5           stringtext5  00000
__Lstringtext6           stringtext6  00000
__Lstringtext7           stringtext7  00000
__Lstringtext8           stringtext8  00000
__Lstringtext9           stringtext9  00000
__Ltext                  text         00000
__S0                     (abs)        08009
__S1                     (abs)        0007B
__S2                     (abs)        00000
__S3                     (abs)        00000
___int_sp                stack        00000
___latbits               (abs)        00003
___sp                    stack        00000
__end_of_ISR             intentry     00022
__end_of__initialization cinit        0003A
__end_of_initializePort  text12       00461
__end_of_lcdBegin        text8        002AF
__end_of_lcdClear        text7        00447
__end_of_lcdCommand      text9        00474
__end_of_lcdPrint        text5        0043A
__end_of_lcdPulseEnable  text11       00454
__end_of_lcdSend         text10       003AE
__end_of_lcdSetCursor    text4        003F7
__end_of_lcdWrite        text6        00468
__end_of_main            maintext     0033E
__end_of_read            text1        001FD
__end_of_strcat          text3        003D3
__end_of_strcpy          text2        00411
__initialization         cinit        00024
__pbssBANK0              bssBANK0     00044
__pbssCOMMON             bssCOMMON    00079
__pcstackBANK0           cstackBANK0  00035
__pcstackCOMMON          cstackCOMMON 00070
__pdataBANK0             dataBANK0    00020
__pidataBANK0            idataBANK0   00411
__pintentry              intentry     00004
__pmaintext              maintext     002AF
__pstringtext1           stringtext1  00474
__pstringtext10          stringtext10 00489
__pstringtext11          stringtext11 0048B
__pstringtext12          stringtext12 0048D
__pstringtext13          stringtext13 00000
__pstringtext2           stringtext2  00479
__pstringtext3           stringtext3  0047B
__pstringtext4           stringtext4  0047D
__pstringtext5           stringtext5  0047F
__pstringtext6           stringtext6  00481
__pstringtext7           stringtext7  00483
__pstringtext8           stringtext8  00485
__pstringtext9           stringtext9  00487
__ptext1                 text1        0003E
__ptext10                text10       0033E
__ptext11                text11       00447
__ptext12                text12       00454
__ptext2                 text2        003F7
__ptext3                 text3        003AE
__ptext4                 text4        003D3
__ptext5                 text5        00426
__ptext6                 text6        00461
__ptext7                 text7        0043A
__ptext8                 text8        001FD
__ptext9                 text9        0046E
__size_of_ISR            (abs)        00000
__size_of_initializePort (abs)        00000
__size_of_lcdBegin       (abs)        00000
__size_of_lcdClear       (abs)        00000
__size_of_lcdCommand     (abs)        00000
__size_of_lcdPrint       (abs)        00000
__size_of_lcdPulseEnable (abs)        00000
__size_of_lcdSend        (abs)        00000
__size_of_lcdSetCursor   (abs)        00000
__size_of_lcdWrite       (abs)        00000
__size_of_main           (abs)        00000
__size_of_read           (abs)        00000
__size_of_strcat         (abs)        00000
__size_of_strcpy         (abs)        00000
_a                       dataBANK0    00024
_b                       dataBANK0    00022
_c                       dataBANK0    00020
_i                       bssBANK0     0004A
_initializePort          text12       00454
_lcdBegin                text8        001FD
_lcdClear                text7        0043A
_lcdCommand              text9        0046E
_lcdPrint                text5        00426
_lcdPulseEnable          text11       00447
_lcdSend                 text10       0033E
_lcdSetCursor            text4        003D3
_lcdWrite                text6        00461
_main                    maintext     002AF
_moji1                   dataBANK0    00030
_moji2                   dataBANK0    0002B
_moji3                   dataBANK0    00026
_num1                    bssCOMMON    00079
_num2                    bssBANK0     00048
_num3                    bssBANK0     00046
_read                    text1        0003E
_rx_data                 bssBANK0     00044
_rx_flag                 bssBANK0     0004C
_strcat                  text3        003AE
_strcpy                  text2        003F7
btemp                    (abs)        0007E
end_of_initialization    cinit        0003A
init_ram                 inittext     00468
int$flags                (abs)        0007E
intlevel0                functab      00000
intlevel1                functab      00000
intlevel2                functab      00000
intlevel3                functab      00000
intlevel4                functab      00000
intlevel5                functab      00000
lcdBegin@charsize        cstackBANK0  00037
lcdBegin@cols            cstackBANK0  00035
lcdBegin@lcd             cstackCOMMON 00078
lcdBegin@lines           cstackBANK0  00036
lcdCommand@com           cstackCOMMON 00076
lcdPrint@str             cstackCOMMON 00077
lcdSend@mode             cstackCOMMON 00073
lcdSend@val              cstackCOMMON 00075
lcdSetCursor@col         cstackCOMMON 00077
lcdSetCursor@lcd         cstackBANK0  00036
lcdSetCursor@line        cstackCOMMON 00078
lcdWrite@val             cstackCOMMON 00076
main@lcd                 cstackBANK0  0003A
reset_vec                reset_vec    00000
stackhi                  (abs)        023EF
stacklo                  (abs)        0202D
start                    init         00022
start_initialization     cinit        00024
strcat@cp                cstackCOMMON 00076
strcat@from              cstackCOMMON 00073
strcat@to                cstackCOMMON 00077
strcpy@cp                cstackCOMMON 00076
strcpy@from              cstackCOMMON 00073
strcpy@to                cstackCOMMON 00077
wtemp0                   (abs)        0007E


FUNCTION INFORMATION:

 *************** function _main *****************
 Defined at:
		line 68 in file "LCD_Display_Program.c"
 Parameters:    Size  Location     Type
		None
 Auto vars:     Size  Location     Type
  lcd            10    5[BANK0 ] struct _Lcd
 Return value:  Size  Location     Type
                  1    wreg      void 
 Registers used:
		wreg, fsr0l, fsr0h, fsr1l, fsr1h, status,2, status,0, pclath, cstack
 Tracked objects:
		On entry : 
		On exit  : 
		Unchanged: 
 Data sizes:     COMMON   BANK0   BANK1   BANK2   BANK3   BANK4   BANK5   BANK6   BANK7   BANK8   BANK9  BANK10  BANK11  BANK12
      Params:         0       0       0       0       0       0       0       0       0       0       0       0       0       0
      Locals:         0      10       0       0       0       0       0       0       0       0       0       0       0       0
      Temps:          0       2       0       0       0       0       0       0       0       0       0       0       0       0
      Totals:         0      12       0       0       0       0       0       0       0       0       0       0       0       0
Total ram usage:       12 bytes
 Hardware stack levels required when called:    5
 This function calls:
		_initializePort
		_lcdBegin
		_lcdClear
		_lcdPrint
		_lcdSetCursor
		_read
 This function is called by:
		Startup code after reset
 This function uses a non-reentrant model


 *************** function _read *****************
 Defined at:
		line 124 in file "LCD_Display_Program.c"
 Parameters:    Size  Location     Type
		None
 Auto vars:     Size  Location     Type
		None
 Return value:  Size  Location     Type
                  1    wreg      void 
 Registers used:
		wreg, fsr0l, fsr0h, fsr1l, fsr1h, status,2, status,0, pclath, cstack
 Tracked objects:
		On entry : 
		On exit  : 
		Unchanged: 
 Data sizes:     COMMON   BANK0   BANK1   BANK2   BANK3   BANK4   BANK5   BANK6   BANK7   BANK8   BANK9  BANK10  BANK11  BANK12
      Params:         0       0       0       0       0       0       0       0       0       0       0       0       0       0
      Locals:         0       0       0       0       0       0       0       0       0       0       0       0       0       0
      Temps:          0       0       0       0       0       0       0       0       0       0       0       0       0       0
      Totals:         0       0       0       0       0       0       0       0       0       0       0       0       0       0
Total ram usage:        0 bytes
 Hardware stack levels used:    1
 Hardware stack levels required when called:    2
 This function calls:
		_strcat
		_strcpy
 This function is called by:
		_main
 This function uses a non-reentrant model


 *************** function _strcpy *****************
 Defined at:
		line 8 in file "C:\Program Files (x86)\Microchip\xc8\v1.42\sources\common\strcpy.c"
 Parameters:    Size  Location     Type
  to              1    wreg     PTR unsigned char 
		 -> moji3(5), moji2(5), moji1(5), 
  from            2    3[COMMON] PTR const unsigned char 
		 -> STR_31(2), STR_30(2), STR_29(2), STR_28(2), 
		 -> STR_27(2), STR_26(2), STR_25(2), STR_24(2), 
		 -> STR_23(2), STR_22(2), STR_21(2), STR_20(2), 
		 -> STR_19(2), STR_18(2), STR_17(2), STR_16(2), 
		 -> STR_15(2), STR_14(2), STR_13(2), STR_12(2), 
		 -> STR_11(2), STR_10(2), STR_9(2), STR_8(2), 
		 -> STR_7(2), STR_6(2), STR_5(2), STR_4(2), 
		 -> STR_3(2), STR_2(2), 
 Auto vars:     Size  Location     Type
  to              1    7[COMMON] PTR unsigned char 
		 -> moji3(5), moji2(5), moji1(5), 
  cp              1    6[COMMON] PTR unsigned char 
		 -> moji3(5), moji2(5), moji1(5), 
 Return value:  Size  Location     Type
                  1    wreg      PTR unsigned char 
 Registers used:
		wreg, fsr0l, fsr0h, fsr1l, fsr1h, status,2, status,0, pclath
 Tracked objects:
		On entry : 
		On exit  : 
		Unchanged: 
 Data sizes:     COMMON   BANK0   BANK1   BANK2   BANK3   BANK4   BANK5   BANK6   BANK7   BANK8   BANK9  BANK10  BANK11  BANK12
      Params:         2       0       0       0       0       0       0       0       0       0       0       0       0       0
      Locals:         2       0       0       0       0       0       0       0       0       0       0       0       0       0
      Temps:          1       0       0       0       0       0       0       0       0       0       0       0       0       0
      Totals:         5       0       0       0       0       0       0       0       0       0       0       0       0       0
Total ram usage:        5 bytes
 Hardware stack levels used:    1
 Hardware stack levels required when called:    1
 This function calls:
		Nothing
 This function is called by:
		_read
 This function uses a non-reentrant model


 *************** function _strcat *****************
 Defined at:
		line 8 in file "C:\Program Files (x86)\Microchip\xc8\v1.42\sources\common\strcat.c"
 Parameters:    Size  Location     Type
  to              1    wreg     PTR unsigned char 
		 -> moji1(5), 
  from            2    3[COMMON] PTR const unsigned char 
		 -> STR_32(2), moji3(5), moji2(5), 
 Auto vars:     Size  Location     Type
  to              1    7[COMMON] PTR unsigned char 
		 -> moji1(5), 
  cp              1    6[COMMON] PTR unsigned char 
		 -> moji1(5), 
 Return value:  Size  Location     Type
                  1    wreg      PTR unsigned char 
 Registers used:
		wreg, fsr0l, fsr0h, fsr1l, fsr1h, status,2, status,0, pclath
 Tracked objects:
		On entry : 
		On exit  : 
		Unchanged: 
 Data sizes:     COMMON   BANK0   BANK1   BANK2   BANK3   BANK4   BANK5   BANK6   BANK7   BANK8   BANK9  BANK10  BANK11  BANK12
      Params:         2       0       0       0       0       0       0       0       0       0       0       0       0       0
      Locals:         2       0       0       0       0       0       0       0       0       0       0       0       0       0
      Temps:          1       0       0       0       0       0       0       0       0       0       0       0       0       0
      Totals:         5       0       0       0       0       0       0       0       0       0       0       0       0       0
Total ram usage:        5 bytes
 Hardware stack levels used:    1
 Hardware stack levels required when called:    1
 This function calls:
		Nothing
 This function is called by:
		_read
 This function uses a non-reentrant model


 *************** function _lcdSetCursor *****************
 Defined at:
		line 73 in file "LCD_Display_Sub.c"
 Parameters:    Size  Location     Type
  lcd             1    wreg     PTR struct _Lcd
		 -> main@lcd(10), 
  col             1    7[COMMON] unsigned char 
  line            1    8[COMMON] unsigned char 
 Auto vars:     Size  Location     Type
  lcd             1    1[BANK0 ] PTR struct _Lcd
		 -> main@lcd(10), 
 Return value:  Size  Location     Type
                  1    wreg      void 
 Registers used:
		wreg, fsr1l, fsr1h, status,2, status,0, pclath, cstack
 Tracked objects:
		On entry : 
		On exit  : 
		Unchanged: 
 Data sizes:     COMMON   BANK0   BANK1   BANK2   BANK3   BANK4   BANK5   BANK6   BANK7   BANK8   BANK9  BANK10  BANK11  BANK12
      Params:         2       0       0       0       0       0       0       0       0       0       0       0       0       0
      Locals:         0       1       0       0       0       0       0       0       0       0       0       0       0       0
      Temps:          0       1       0       0       0       0       0       0       0       0       0       0       0       0
      Totals:         2       2       0       0       0       0       0       0       0       0       0       0       0       0
Total ram usage:        4 bytes
 Hardware stack levels used:    1
 Hardware stack levels required when called:    4
 This function calls:
		_lcdCommand
 This function is called by:
		_main
 This function uses a non-reentrant model


 *************** function _lcdPrint *****************
 Defined at:
		line 93 in file "LCD_Display_Sub.c"
 Parameters:    Size  Location     Type
  str             2    7[COMMON] PTR unsigned char 
		 -> STR_1(5), moji1(5), 
 Auto vars:     Size  Location     Type
		None
 Return value:  Size  Location     Type
                  1    wreg      void 
 Registers used:
		wreg, fsr0l, fsr0h, status,2, status,0, pclath, cstack
 Tracked objects:
		On entry : 
		On exit  : 
		Unchanged: 
 Data sizes:     COMMON   BANK0   BANK1   BANK2   BANK3   BANK4   BANK5   BANK6   BANK7   BANK8   BANK9  BANK10  BANK11  BANK12
      Params:         2       0       0       0       0       0       0       0       0       0       0       0       0       0
      Locals:         0       0       0       0       0       0       0       0       0       0       0       0       0       0
      Temps:          0       1       0       0       0       0       0       0       0       0       0       0       0       0
      Totals:         2       1       0       0       0       0       0       0       0       0       0       0       0       0
Total ram usage:        3 bytes
 Hardware stack levels used:    1
 Hardware stack levels required when called:    4
 This function calls:
		_lcdWrite
 This function is called by:
		_main
 This function uses a non-reentrant model


 *************** function _lcdWrite *****************
 Defined at:
		line 103 in file "LCD_Display_Sub.c"
 Parameters:    Size  Location     Type
  val             1    wreg     unsigned char 
 Auto vars:     Size  Location     Type
  val             1    6[COMMON] unsigned char 
 Return value:  Size  Location     Type
                  1    wreg      void 
 Registers used:
		wreg, status,2, status,0, pclath, cstack
 Tracked objects:
		On entry : 
		On exit  : 
		Unchanged: 
 Data sizes:     COMMON   BANK0   BANK1   BANK2   BANK3   BANK4   BANK5   BANK6   BANK7   BANK8   BANK9  BANK10  BANK11  BANK12
      Params:         0       0       0       0       0       0       0       0       0       0       0       0       0       0
      Locals:         1       0       0       0       0       0       0       0       0       0       0       0       0       0
      Temps:          0       0       0       0       0       0       0       0       0       0       0       0       0       0
      Totals:         1       0       0       0       0       0       0       0       0       0       0       0       0       0
Total ram usage:        1 bytes
 Hardware stack levels used:    1
 Hardware stack levels required when called:    3
 This function calls:
		_lcdSend
 This function is called by:
		_lcdPrint
		_lcdCreateChar
 This function uses a non-reentrant model


 *************** function _lcdClear *****************
 Defined at:
		line 63 in file "LCD_Display_Sub.c"
 Parameters:    Size  Location     Type
		None
 Auto vars:     Size  Location     Type
		None
 Return value:  Size  Location     Type
                  1    wreg      void 
 Registers used:
		wreg, status,2, status,0, pclath, cstack
 Tracked objects:
		On entry : 
		On exit  : 
		Unchanged: 
 Data sizes:     COMMON   BANK0   BANK1   BANK2   BANK3   BANK4   BANK5   BANK6   BANK7   BANK8   BANK9  BANK10  BANK11  BANK12
      Params:         0       0       0       0       0       0       0       0       0       0       0       0       0       0
      Locals:         0       0       0       0       0       0       0       0       0       0       0       0       0       0
      Temps:          1       0       0       0       0       0       0       0       0       0       0       0       0       0
      Totals:         1       0       0       0       0       0       0       0       0       0       0       0       0       0
Total ram usage:        1 bytes
 Hardware stack levels used:    1
 Hardware stack levels required when called:    4
 This function calls:
		_lcdCommand
 This function is called by:
		_main
 This function uses a non-reentrant model


 *************** function _lcdBegin *****************
 Defined at:
		line 13 in file "LCD_Display_Sub.c"
 Parameters:    Size  Location     Type
  lcd             1    wreg     PTR struct _Lcd
		 -> main@lcd(10), 
  cols            1    0[BANK0 ] unsigned char 
  lines           1    1[BANK0 ] unsigned char 
  charsize        1    2[BANK0 ] unsigned char 
 Auto vars:     Size  Location     Type
  lcd             1    8[COMMON] PTR struct _Lcd
		 -> main@lcd(10), 
 Return value:  Size  Location     Type
                  1    wreg      void 
 Registers used:
		wreg, fsr1l, fsr1h, status,2, status,0, pclath, cstack
 Tracked objects:
		On entry : 
		On exit  : 
		Unchanged: 
 Data sizes:     COMMON   BANK0   BANK1   BANK2   BANK3   BANK4   BANK5   BANK6   BANK7   BANK8   BANK9  BANK10  BANK11  BANK12
      Params:         0       3       0       0       0       0       0       0       0       0       0       0       0       0
      Locals:         1       0       0       0       0       0       0       0       0       0       0       0       0       0
      Temps:          1       0       0       0       0       0       0       0       0       0       0       0       0       0
      Totals:         2       3       0       0       0       0       0       0       0       0       0       0       0       0
Total ram usage:        5 bytes
 Hardware stack levels used:    1
 Hardware stack levels required when called:    4
 This function calls:
		_lcdCommand
 This function is called by:
		_main
 This function uses a non-reentrant model


 *************** function _lcdCommand *****************
 Defined at:
		line 99 in file "LCD_Display_Sub.c"
 Parameters:    Size  Location     Type
  com             1    wreg     unsigned char 
 Auto vars:     Size  Location     Type
  com             1    6[COMMON] unsigned char 
 Return value:  Size  Location     Type
                  1    wreg      void 
 Registers used:
		wreg, status,2, status,0, pclath, cstack
 Tracked objects:
		On entry : 
		On exit  : 
		Unchanged: 
 Data sizes:     COMMON   BANK0   BANK1   BANK2   BANK3   BANK4   BANK5   BANK6   BANK7   BANK8   BANK9  BANK10  BANK11  BANK12
      Params:         0       0       0       0       0       0       0       0       0       0       0       0       0       0
      Locals:         1       0       0       0       0       0       0       0       0       0       0       0       0       0
      Temps:          0       0       0       0       0       0       0       0       0       0       0       0       0       0
      Totals:         1       0       0       0       0       0       0       0       0       0       0       0       0       0
Total ram usage:        1 bytes
 Hardware stack levels used:    1
 Hardware stack levels required when called:    3
 This function calls:
		_lcdSend
 This function is called by:
		_lcdBegin
		_lcdClear
		_lcdSetCursor
		_lcdHome
		_lcdCreateChar
 This function uses a non-reentrant model


 *************** function _lcdSend *****************
 Defined at:
		line 107 in file "LCD_Display_Sub.c"
 Parameters:    Size  Location     Type
  val             1    wreg     unsigned char 
  mode            1    3[COMMON] unsigned char 
 Auto vars:     Size  Location     Type
  val             1    5[COMMON] unsigned char 
 Return value:  Size  Location     Type
                  1    wreg      void 
 Registers used:
		wreg, status,2, status,0, pclath, cstack
 Tracked objects:
		On entry : 
		On exit  : 
		Unchanged: 
 Data sizes:     COMMON   BANK0   BANK1   BANK2   BANK3   BANK4   BANK5   BANK6   BANK7   BANK8   BANK9  BANK10  BANK11  BANK12
      Params:         1       0       0       0       0       0       0       0       0       0       0       0       0       0
      Locals:         1       0       0       0       0       0       0       0       0       0       0       0       0       0
      Temps:          1       0       0       0       0       0       0       0       0       0       0       0       0       0
      Totals:         3       0       0       0       0       0       0       0       0       0       0       0       0       0
Total ram usage:        3 bytes
 Hardware stack levels used:    1
 Hardware stack levels required when called:    2
 This function calls:
		_lcdPulseEnable
 This function is called by:
		_lcdCommand
		_lcdWrite
 This function uses a non-reentrant model


 *************** function _lcdPulseEnable *****************
 Defined at:
		line 124 in file "LCD_Display_Sub.c"
 Parameters:    Size  Location     Type
		None
 Auto vars:     Size  Location     Type
		None
 Return value:  Size  Location     Type
                  1    wreg      void 
 Registers used:
		wreg
 Tracked objects:
		On entry : 
		On exit  : 
		Unchanged: 
 Data sizes:     COMMON   BANK0   BANK1   BANK2   BANK3   BANK4   BANK5   BANK6   BANK7   BANK8   BANK9  BANK10  BANK11  BANK12
      Params:         0       0       0       0       0       0       0       0       0       0       0       0       0       0
      Locals:         0       0       0       0       0       0       0       0       0       0       0       0       0       0
      Temps:          0       0       0       0       0       0       0       0       0       0       0       0       0       0
      Totals:         0       0       0       0       0       0       0       0       0       0       0       0       0       0
Total ram usage:        0 bytes
 Hardware stack levels used:    1
 Hardware stack levels required when called:    1
 This function calls:
		Nothing
 This function is called by:
		_lcdSend
 This function uses a non-reentrant model


 *************** function _initializePort *****************
 Defined at:
		line 177 in file "LCD_Display_Program.c"
 Parameters:    Size  Location     Type
		None
 Auto vars:     Size  Location     Type
		None
 Return value:  Size  Location     Type
                  1    wreg      void 
 Registers used:
		wreg, status,2
 Tracked objects:
		On entry : 
		On exit  : 
		Unchanged: 
 Data sizes:     COMMON   BANK0   BANK1   BANK2   BANK3   BANK4   BANK5   BANK6   BANK7   BANK8   BANK9  BANK10  BANK11  BANK12
      Params:         0       0       0       0       0       0       0       0       0       0       0       0       0       0
      Locals:         0       0       0       0       0       0       0       0       0       0       0       0       0       0
      Temps:          0       0       0       0       0       0       0       0       0       0       0       0       0       0
      Totals:         0       0       0       0       0       0       0       0       0       0       0       0       0       0
Total ram usage:        0 bytes
 Hardware stack levels used:    1
 Hardware stack levels required when called:    1
 This function calls:
		Nothing
 This function is called by:
		_main
 This function uses a non-reentrant model


 *************** function _ISR *****************
 Defined at:
		line 50 in file "LCD_Display_Program.c"
 Parameters:    Size  Location     Type
		None
 Auto vars:     Size  Location     Type
		None
 Return value:  Size  Location     Type
                  1    wreg      void 
 Registers used:
		wreg, status,2
 Tracked objects:
		On entry : 
		On exit  : 
		Unchanged: 
 Data sizes:     COMMON   BANK0   BANK1   BANK2   BANK3   BANK4   BANK5   BANK6   BANK7   BANK8   BANK9  BANK10  BANK11  BANK12
      Params:         0       0       0       0       0       0       0       0       0       0       0       0       0       0
      Locals:         0       0       0       0       0       0       0       0       0       0       0       0       0       0
      Temps:          3       0       0       0       0       0       0       0       0       0       0       0       0       0
      Totals:         3       0       0       0       0       0       0       0       0       0       0       0       0       0
Total ram usage:        3 bytes
 Hardware stack levels used:    1
 This function calls:
		Nothing
 This function is called by:
		Interrupt level 1
 This function uses a non-reentrant model



MODULE INFORMATION

Module		Function		Class		Link	Load	Size
LCD_Display_Program.c
		_initializePort		CODE           	0454	0000	14
		_ISR           		CODE           	0004	0000	31
		_read          		CODE           	003E	0000	448
		_main          		CODE           	02AF	0000	144

LCD_Display_Program.c estimated size: 637

C:\Program Files (x86)\Microchip\xc8\v1.42\sources\common\strcat.c
		_strcat        		CODE           	03AE	0000	38

C:\Program Files (x86)\Microchip\xc8\v1.42\sources\common\strcat.c estimated size: 38

C:\Program Files (x86)\Microchip\xc8\v1.42\sources\common\strcpy.c
		_strcpy        		CODE           	03F7	0000	27

C:\Program Files (x86)\Microchip\xc8\v1.42\sources\common\strcpy.c estimated size: 27

shared
		__initialization		CODE           	0024	0000	23

shared estimated size: 23

LCD_Display_Sub.c
		_lcdCommand    		CODE           	046E	0000	7
		_lcdPulseEnable		CODE           	0447	0000	14
		_lcdSetCursor  		CODE           	03D3	0000	37
		_lcdBegin      		CODE           	01FD	0000	179
		_lcdClear      		CODE           	043A	0000	14
		_lcdWrite      		CODE           	0461	0000	8
		_lcdSend       		CODE           	033E	0000	113
		_lcdPrint      		CODE           	0426	0000	21

LCD_Display_Sub.c estimated size: 393

